../Core/Src/main.c:229:20:shiftOut	32	static
../Core/Src/main.c:245:20:set_segment_digit	24	static
../Core/Src/main.c:259:6:set_segment_display	24	static
../Core/Src/main.c:279:5:main	8	static
../Core/Src/main.c:400:6:SystemClock_Config	96	static
../Core/Src/main.c:450:13:MX_TIM2_Init	40	static
../Core/Src/main.c:495:13:MX_USART2_UART_Init	8	static
../Core/Src/main.c:530:13:MX_GPIO_Init	48	static
../Core/Src/main.c:604:6:teller_functionality	120	static
../Core/Src/main.c:738:6:StartUpdateSegment	24	static
../Core/Src/main.c:771:6:StartGenCustomerTask	40	static
../Core/Src/main.c:814:6:StartTeller01	16	static
../Core/Src/main.c:832:6:StartTeller02	16	static
../Core/Src/main.c:850:6:StartTeller03	16	static
../Core/Src/main.c:868:6:StartSimMonitorInfo	136	static
../Core/Src/main.c:1037:6:HAL_TIM_PeriodElapsedCallback	16	static
../Core/Src/main.c:1054:6:Error_Handler	4	static,ignoring_inline_asm
